// Jest Snapshot v1, https://goo.gl/fbAQLP

exports[`Spinner Spinner should match snapshot 1`] = `<ForwardRef />`;
