// Jest Snapshot v1, https://goo.gl/fbAQLP

exports[`TrainDetails TrainDetails should match snapshot 1`] = `
<div
  className="train-details"
>
  <h2
    className="title"
  >
    Informationen zu 
    <strong>
      ICE-500
    </strong>
  </h2>
  <dl
    className="information"
  >
    <dt
      className="number"
    >
      Nummer:
    </dt>
    <dd
      className="value"
    >
      ICE-500
    </dd>
    <span
      className="breaker"
    />
    <dt
      className="origin"
    >
      Start:
    </dt>
    <dd
      className="value"
    >
      Mï¿½nchen Hbf
    </dd>
    <span
      className="breaker"
    />
    <dt
      className="destination"
    >
      Ziel:
    </dt>
    <dd
      className="value"
    >
      Hamburg-Altona/Hmb Hbf
    </dd>
  </dl>
</div>
`;
