// Jest Snapshot v1, https://goo.gl/fbAQLP

exports[`SearchForm SearchForm should match snapshot 1`] = `
<form
  action="/"
  autoComplete="off"
  className="form"
  method="post"
  noValidate="novalidate"
  onSubmit={[Function]}
>
  <h2
    className="title"
  >
    <label
      htmlFor="search-field"
    >
      NummernÂ­suche
    </label>
  </h2>
  <div
    className="form-row"
  >
    <SearchField
      cbFieldFocus={[Function]}
      cbKeyboardEvent={[Function]}
      id="search-field"
      name="search-field"
    />
  </div>
  <div
    className="formRow"
  >
    <SuggestionList
      cbHandleClickEvent={[Function]}
      selectedTrainNumber=""
      showSuggestions={false}
      trainNumbers={
        Array [
          "500",
          "555",
        ]
      }
    />
  </div>
</form>
`;
